Flow report for uart_dparm
Wed Nov 22 18:14:54 2023
Quartus Prime Version 17.1.0 Build 590 10/25/2017 SJ Standard Edition


---------------------
; Table of Contents ;
---------------------
  1. Legal Notice
  2. Flow Summary
  3. Flow Settings
  4. Flow Non-Default Global Settings
  5. Flow Elapsed Time
  6. Flow OS Summary
  7. Flow Log
  8. Flow Messages
  9. Flow Suppressed Messages



----------------
; Legal Notice ;
----------------
Copyright (C) 2017  Intel Corporation. All rights reserved.
Your use of Intel Corporation's design tools, logic functions 
and other software and tools, and its AMPP partner logic 
functions, and any output files from any of the foregoing 
(including device programming or simulation files), and any 
associated documentation or information are expressly subject 
to the terms and conditions of the Intel Program License 
Subscription Agreement, the Intel Quartus Prime License Agreement,
the Intel FPGA IP License Agreement, or other applicable license
agreement, including, without limitation, that your use is for
the sole purpose of programming logic devices manufactured by
Intel and sold by Intel or its authorized distributors.  Please
refer to the applicable agreement for further details.



+--------------------------------------------------------------------------------------+
; Flow Summary                                                                         ;
+------------------------------------+-------------------------------------------------+
; Flow Status                        ; Successful - Wed Nov 22 18:14:54 2023           ;
; Quartus Prime Version              ; 17.1.0 Build 590 10/25/2017 SJ Standard Edition ;
; Revision Name                      ; uart_dparm                                      ;
; Top-level Entity Name              ; uart_dparm                                      ;
; Family                             ; Cyclone IV E                                    ;
; Device                             ; EP4CE10F17C8                                    ;
; Timing Models                      ; Final                                           ;
; Total logic elements               ; 221 / 10,320 ( 2 % )                            ;
;     Total combinational functions  ; 202 / 10,320 ( 2 % )                            ;
;     Dedicated logic registers      ; 150 / 10,320 ( 1 % )                            ;
; Total registers                    ; 150                                             ;
; Total pins                         ; 5 / 180 ( 3 % )                                 ;
; Total virtual pins                 ; 0                                               ;
; Total memory bits                  ; 2,048 / 423,936 ( < 1 % )                       ;
; Embedded Multiplier 9-bit elements ; 0 / 46 ( 0 % )                                  ;
; Total PLLs                         ; 0 / 2 ( 0 % )                                   ;
+------------------------------------+-------------------------------------------------+


+-----------------------------------------+
; Flow Settings                           ;
+-------------------+---------------------+
; Option            ; Setting             ;
+-------------------+---------------------+
; Start date & time ; 11/22/2023 18:14:37 ;
; Main task         ; Compilation         ;
; Revision Name     ; uart_dparm          ;
+-------------------+---------------------+


+------------------------------------------------------------------------------------------------------------------------------+
; Flow Non-Default Global Settings                                                                                             ;
+--------------------------------------+----------------------------------------+---------------+-------------+----------------+
; Assignment Name                      ; Value                                  ; Default Value ; Entity Name ; Section Id     ;
+--------------------------------------+----------------------------------------+---------------+-------------+----------------+
; COMPILER_SIGNATURE_ID                ; 40632979562199.170064807727588         ; --            ; --          ; --             ;
; EDA_DESIGN_INSTANCE_NAME             ; NA                                     ; --            ; --          ; uart_sender_tb ;
; EDA_DESIGN_INSTANCE_NAME             ; NA                                     ; --            ; --          ; uart_dparm_tb  ;
; EDA_NATIVELINK_SIMULATION_TEST_BENCH ; uart_dparm_tb                          ; --            ; --          ; eda_simulation ;
; EDA_OUTPUT_DATA_FORMAT               ; Verilog Hdl                            ; --            ; --          ; eda_simulation ;
; EDA_SIMULATION_TOOL                  ; ModelSim-Altera (Verilog)              ; <None>        ; --          ; --             ;
; EDA_TEST_BENCH_ENABLE_STATUS         ; TEST_BENCH_MODE                        ; --            ; --          ; eda_simulation ;
; EDA_TEST_BENCH_FILE                  ; ../testbench/uart_sender_tb.v          ; --            ; --          ; uart_sender_tb ;
; EDA_TEST_BENCH_FILE                  ; ../testbench/uart_dparm_tb.v           ; --            ; --          ; uart_dparm_tb  ;
; EDA_TEST_BENCH_FILE                  ; ../testbench/key_model.v               ; --            ; --          ; uart_dparm_tb  ;
; EDA_TEST_BENCH_FILE                  ; ../rtl/uart_dparm.v                    ; --            ; --          ; uart_dparm_tb  ;
; EDA_TEST_BENCH_FILE                  ; ../rtl/uart_sender.v                   ; --            ; --          ; uart_dparm_tb  ;
; EDA_TEST_BENCH_FILE                  ; ../rtl/key_filter.v                    ; --            ; --          ; uart_dparm_tb  ;
; EDA_TEST_BENCH_MODULE_NAME           ; uart_sender_tb                         ; --            ; --          ; uart_sender_tb ;
; EDA_TEST_BENCH_MODULE_NAME           ; uart_dparm_tb                          ; --            ; --          ; uart_dparm_tb  ;
; EDA_TEST_BENCH_NAME                  ; uart_dparm_tb                          ; --            ; --          ; eda_simulation ;
; EDA_TEST_BENCH_NAME                  ; uart_sender_tb                         ; --            ; --          ; eda_simulation ;
; EDA_TIME_SCALE                       ; 1 ps                                   ; --            ; --          ; eda_simulation ;
; MAX_CORE_JUNCTION_TEMP               ; 85                                     ; --            ; --          ; --             ;
; MIN_CORE_JUNCTION_TEMP               ; 0                                      ; --            ; --          ; --             ;
; MISC_FILE                            ; ../ip/dparm_bb.v                       ; --            ; --          ; --             ;
; NOMINAL_CORE_SUPPLY_VOLTAGE          ; 1.2V                                   ; --            ; --          ; --             ;
; PARTITION_COLOR                      ; -- (Not supported for targeted family) ; --            ; --          ; Top            ;
; PARTITION_FITTER_PRESERVATION_LEVEL  ; -- (Not supported for targeted family) ; --            ; --          ; Top            ;
; PARTITION_NETLIST_TYPE               ; -- (Not supported for targeted family) ; --            ; --          ; Top            ;
; POWER_BOARD_THERMAL_MODEL            ; None (CONSERVATIVE)                    ; --            ; --          ; --             ;
; POWER_PRESET_COOLING_SOLUTION        ; 23 MM HEAT SINK WITH 200 LFPM AIRFLOW  ; --            ; --          ; --             ;
; PROJECT_OUTPUT_DIRECTORY             ; output_files                           ; --            ; --          ; --             ;
+--------------------------------------+----------------------------------------+---------------+-------------+----------------+


+-------------------------------------------------------------------------------------------------------------------------------+
; Flow Elapsed Time                                                                                                             ;
+---------------------------+--------------+-------------------------+---------------------+------------------------------------+
; Module Name               ; Elapsed Time ; Average Processors Used ; Peak Virtual Memory ; Total CPU Time (on all processors) ;
+---------------------------+--------------+-------------------------+---------------------+------------------------------------+
; Analysis & Synthesis      ; 00:00:08     ; 1.0                     ; 4843 MB             ; 00:00:07                           ;
; Fitter                    ; 00:00:04     ; 1.1                     ; 6508 MB             ; 00:00:02                           ;
; Assembler                 ; 00:00:00     ; 1.0                     ; 4672 MB             ; 00:00:00                           ;
; TimeQuest Timing Analyzer ; 00:00:01     ; 1.1                     ; 4894 MB             ; 00:00:01                           ;
; EDA Netlist Writer        ; 00:00:01     ; 1.0                     ; 4643 MB             ; 00:00:01                           ;
; Total                     ; 00:00:14     ; --                      ; --                  ; 00:00:11                           ;
+---------------------------+--------------+-------------------------+---------------------+------------------------------------+


+-----------------------------------------------------------------------------------------+
; Flow OS Summary                                                                         ;
+---------------------------+------------------+------------+------------+----------------+
; Module Name               ; Machine Hostname ; OS Name    ; OS Version ; Processor type ;
+---------------------------+------------------+------------+------------+----------------+
; Analysis & Synthesis      ; Henry            ; Windows 10 ; 10.0       ; x86_64         ;
; Fitter                    ; Henry            ; Windows 10 ; 10.0       ; x86_64         ;
; Assembler                 ; Henry            ; Windows 10 ; 10.0       ; x86_64         ;
; TimeQuest Timing Analyzer ; Henry            ; Windows 10 ; 10.0       ; x86_64         ;
; EDA Netlist Writer        ; Henry            ; Windows 10 ; 10.0       ; x86_64         ;
+---------------------------+------------------+------------+------------+----------------+


------------
; Flow Log ;
------------
quartus_map --read_settings_files=on --write_settings_files=off uart_dparm -c uart_dparm
quartus_fit --read_settings_files=off --write_settings_files=off uart_dparm -c uart_dparm
quartus_asm --read_settings_files=off --write_settings_files=off uart_dparm -c uart_dparm
quartus_sta uart_dparm -c uart_dparm
quartus_eda --read_settings_files=off --write_settings_files=off uart_dparm -c uart_dparm



