Info: Starting: Create block symbol file (.bsf)
Info: qsys-generate C:\fpga\workspace\fpga-exps\digital_display\ip\digital_display_issp.qsys --block-symbol-file --output-directory=C:\fpga\workspace\fpga-exps\digital_display\ip\digital_display_issp --family="Cyclone IV E" --part=EP4CE10F17C8
Progress: Loading ip/digital_display_issp.qsys
Progress: Reading input file
Progress: Adding in_system_sources_probes_0 [altera_in_system_sources_probes 17.1]
Progress: Parameterizing module in_system_sources_probes_0
Progress: Building connections
Progress: Parameterizing connections
Progress: Validating
Progress: Done reading input file
Info: qsys-generate succeeded.
Info: Finished: Create block symbol file (.bsf)
Info: 
Info: Starting: Create HDL design files for synthesis
Info: qsys-generate C:\fpga\workspace\fpga-exps\digital_display\ip\digital_display_issp.qsys --synthesis=VERILOG --output-directory=C:\fpga\workspace\fpga-exps\digital_display\ip\digital_display_issp\synthesis --family="Cyclone IV E" --part=EP4CE10F17C8
Progress: Loading ip/digital_display_issp.qsys
Progress: Reading input file
Progress: Adding in_system_sources_probes_0 [altera_in_system_sources_probes 17.1]
Progress: Parameterizing module in_system_sources_probes_0
Progress: Building connections
Progress: Parameterizing connections
Progress: Validating
Progress: Done reading input file
Info: digital_display_issp: Generating digital_display_issp "digital_display_issp" for QUARTUS_SYNTH
Info: in_system_sources_probes_0: "digital_display_issp" instantiated altera_in_system_sources_probes "in_system_sources_probes_0"
Info: digital_display_issp: Done "digital_display_issp" with 2 modules, 2 files
Info: qsys-generate succeeded.
Info: Finished: Create HDL design files for synthesis
